// Jest Snapshot v1, https://goo.gl/fbAQLP

exports[`Forecast Details renders correctly to match ForecastDetails snapshot 1`] = `[Function]`;
