// Jest Snapshot v1, https://goo.gl/fbAQLP

exports[`Forecast Summaries renders correctly to match ForecastSummaries snapshot 1`] = `[Function]`;
